diff --git a/.gitignore b/.gitignore
index 4426299..27cf038 100644
--- a/.gitignore
+++ b/.gitignore
@@ -7,6 +7,7 @@ portable-chat.spec
 # Build artifacts
 build/
 dist/
+generated/
 
 # Python cache
 __pycache__/
diff --git a/src/multi_ai_cli/handlers.py b/src/multi_ai_cli/handlers.py
index eec7761..b01f296 100644
--- a/src/multi_ai_cli/handlers.py
+++ b/src/multi_ai_cli/handlers.py
@@ -31,6 +31,7 @@ from .utils import (
     clear_thinking_line,
     extract_code_block,
     open_editor_for_prompt,
+    safe_eprint,
     safe_print,
     secure_resolve_path,
 )
@@ -44,18 +45,17 @@ WRITE_MODE_CODE = "code"
 
 def handle_pause(parts: list[str]) -> bool:
     """
-    Handles the @pause control command for interactive pipeline execution.
+    Handle the @pause control command for interactive pipeline execution.
 
     Accepts only ``@pause`` with no extra arguments. Prompts the user to
     either continue the pipeline by pressing Enter or abort it by typing
     ``q``.
 
     Args:
-        parts (list[str]): Tokenized command parts.
+        parts: Tokenized command parts.
 
     Returns:
-        bool: ``True`` if the user continues, ``False`` if the command is
-        invalid, input cannot be read, or the user aborts.
+        True if the user continues, otherwise False.
     """
     if len(parts) != 1:
         print("[!] Usage: @pause")
@@ -63,11 +63,7 @@ def handle_pause(parts: list[str]) -> bool:
 
     while True:
         try:
-            answer = (
-                input("[*] Press Enter to continue, or type 'q' to abort: ")
-                .strip()
-                .lower()
-            )
+            answer = input(" ").strip().lower()
         except EOFError:
             print("[!] @pause could not read interactive input.")
             logger.error("@pause: EOF while waiting for user input")
@@ -79,19 +75,20 @@ def handle_pause(parts: list[str]) -> bool:
         if answer == "q":
             logger.info("@pause: aborted by user")
             return False
+
         print("[!] Invalid input. Press Enter to continue, or type 'q' to abort.")
 
 
 def dispatch_command(parts: list[str], session: "AgentSession") -> bool:
     """
-    Routes the parsed command tokens to the appropriate handler.
+    Route parsed command tokens to the appropriate handler.
 
     Args:
-        parts (list[str]): List of command parts to be dispatched.
-        session (AgentSession): The current agent session for instance management.
+        parts: List of command parts to dispatch.
+        session: The current agent session.
 
     Returns:
-        bool: True if command succeeded, False otherwise.
+        True if the command succeeded, otherwise False.
     """
     if not parts:
         return False
@@ -125,7 +122,6 @@ def dispatch_command(parts: list[str], session: "AgentSession") -> bool:
 
         return handle_figma_push(parts)
 
-    # GitHub adapter commands
     if cmd == "@github.repo":
         from .adapters.github.facade import handle_github_repo
 
@@ -151,14 +147,13 @@ def dispatch_command(parts: list[str], session: "AgentSession") -> bool:
 
         return handle_github_issues(parts)
 
-    # Resolve by agent key
     target_key = cmd.replace("@", "").lower()
     if session.is_valid_agent(target_key):
         return handle_ai_interaction(parts, session)
 
-    safe_print(f"[!] Unknown command: '{cmd}'")
+    safe_eprint(f"[!] Unknown command: '{cmd}'")
     available_agents = session.agent_keys()
-    safe_print(
+    safe_eprint(
         f"    Available: {', '.join('@' + k for k in sorted(available_agents))}, "
         f"@pause, @efficient, @scrub, @sequence, @sh, @figma.pull, @figma.push, "
         f"@github.repo, @github.tree, @github.file, @github.issue, @github.issues, exit"
@@ -168,13 +163,13 @@ def dispatch_command(parts: list[str], session: "AgentSession") -> bool:
 
 def handle_scrub(parts: list[str], session: "AgentSession") -> None:
     """
-    Handles @scrub / @flush command to clear agent history.
+    Handle @scrub / @flush to clear agent history.
 
-    Only affects agents that have been instantiated in the current session.
+    Only affects agents already instantiated in the current session.
 
     Args:
-        parts (list[str]): List of command parts.
-        session (AgentSession): The current agent session.
+        parts: List of command parts.
+        session: The current agent session.
     """
     target = parts[1].lower() if len(parts) > 1 else "all"
     valid_targets = set(session.agent_keys()) | {"all"}
@@ -201,11 +196,11 @@ def handle_scrub(parts: list[str], session: "AgentSession") -> None:
 
 def handle_efficient(parts: list[str], session: "AgentSession") -> None:
     """
-    Handles @efficient command to load persona files.
+    Handle @efficient command to load persona files.
 
     Args:
-        parts (list[str]): List of command parts.
-        session (AgentSession): The current agent session.
+        parts: List of command parts.
+        session: The current agent session.
     """
     if len(parts) < 2:
         print("[!] Usage: @efficient [target/all] <filename.txt>")
@@ -239,30 +234,27 @@ def handle_efficient(parts: list[str], session: "AgentSession") -> None:
             engine.load_persona(content, filename)
             print(f"[*] {engine.name} persona loaded: '{filename}'.")
     except Exception as e:
-        print(f"[!] Persona loading failed: {e}")
+        safe_eprint(f"[!] Persona loading failed: {e}")
 
 
 def handle_ai_interaction(parts: list[str], session: "AgentSession") -> bool:
     """
-    Handles interaction with a specific AI agent (@gpt.doc "prompt" ...).
+    Handle interaction with a specific AI agent.
 
-    Supports flags: -m, -r, -w[:raw|:code], -e
-
-    The parser (parse_cli_input) validates flags strictly:
-    unknown flags are rejected, missing flag values cause errors.
+    Supports flags: -m, -r, -w[:raw|:code], -e.
 
     Args:
-        parts (list[str]): List of command parts to interact with AI.
-        session (AgentSession): The current agent session.
+        parts: Command parts to interact with the AI.
+        session: The current agent session.
 
     Returns:
-        bool: True if interaction succeeded, False otherwise.
+        True if interaction succeeded, otherwise False.
     """
     target_key = parts[0].lower().replace("@", "")
     engine = session.get_agent(target_key)
 
     if not engine:
-        safe_print(f"[!] Agent '@{target_key}' not found.")
+        safe_eprint(f"[!] Agent '@{target_key}' not found.")
         return False
 
     parsed: ParsedInput | None = parse_cli_input(parts)
@@ -278,11 +270,11 @@ def handle_ai_interaction(parts: list[str], session: "AgentSession") -> bool:
     try:
         prompt_main = build_ai_prompt(parsed, editor_content)
     except Exception as e:
-        safe_print(f"[!] {e}")
+        safe_eprint(f"[!] {e}")
+        logger.error(f"AI prompt build error: {e}")
         return False
 
     flow_context = get_flow_execution_context()
-
     branch_label = flow_context.branch_label
 
     if branch_label:
@@ -293,7 +285,7 @@ def handle_ai_interaction(parts: list[str], session: "AgentSession") -> bool:
         response_header = f"--- {engine.name} ---"
 
     if not prompt_main.strip():
-        safe_print("[!] No prompt to send. Provide text, use -e, -m, or -r.")
+        safe_eprint("[!] No prompt to send. Provide text, use -e, -m, or -r.")
         return False
 
     logger.info(f"@User ({engine.name}): {prompt_main}")
@@ -338,23 +330,20 @@ def handle_ai_interaction(parts: list[str], session: "AgentSession") -> bool:
 
     except Exception as e:
         clear_thinking_line()
-        safe_print(f"[!] AI Engine Error: {e}")
+        safe_eprint(f"[!] AI Engine Error: {e}")
         logger.error(f"AI interaction error: {e}")
         return False
 
 
 def handle_sh(parts: list[str]) -> bool:
     """
-    Handles @sh command: local shell execution with artifact capture.
-
-    Delegates command building and execution to ShellAdapter.
-    This handler is responsible for all UI output (print) and logging.
+    Handle @sh command for local shell execution with artifact capture.
 
     Args:
-        parts (list[str]): List of command parts.
+        parts: List of command parts.
 
     Returns:
-        bool: True if shell command execution succeeded, False otherwise.
+        True if shell command execution succeeded, otherwise False.
     """
     parsed: ParsedShInput | None = _parse_sh_input(parts)
     if parsed is None:
@@ -368,11 +357,11 @@ def handle_sh(parts: list[str]) -> bool:
     try:
         cmd, use_shell = adapter.build_command(parsed, resolve_path_fn=_resolve_path)
     except PermissionError as e:
-        print(f"[!] @sh: {e}")
+        safe_eprint(f"[!] @sh: {e}")
         logger.error(f"@sh: Permission error: {e}")
         return False
     except ShellCommandBuildError as e:
-        print(f"[!] @sh: {e}")
+        safe_eprint(f"[!] @sh: {e}")
         logger.error(f"@sh: Build error: {e}")
         return False
 
@@ -386,15 +375,15 @@ def handle_sh(parts: list[str]) -> bool:
     try:
         shell_result: ShellResult = adapter.execute_command(cmd, use_shell)
     except FileNotFoundError as e:
-        print(f"[!] @sh: Command not found: {e}")
+        safe_eprint(f"[!] @sh: Command not found: {e}")
         logger.error(f"@sh: Command not found: {e}")
         return False
     except subprocess.TimeoutExpired:
-        print("[!] @sh: Command timed out (300s limit).")
+        safe_eprint("[!] @sh: Command timed out (300s limit).")
         logger.error(f"@sh: Timeout for '{cmd_display}'")
         return False
     except OSError as e:
-        print(f"[!] @sh: Execution error: {e}")
+        safe_eprint(f"[!] @sh: Execution error: {e}")
         logger.error(f"@sh: Execution error: {e}")
         return False
 
@@ -467,7 +456,7 @@ def handle_sh(parts: list[str]) -> bool:
             logger.info(f"@sh: Artifact written ({fmt_label})")
 
         except Exception as e:
-            print(f"[!] @sh: Error writing artifact: {e}")
+            safe_eprint(f"[!] @sh: Error writing artifact: {e}")
             logger.error(f"@sh: Artifact write error: {e}")
 
     return exit_code == 0
@@ -475,75 +464,63 @@ def handle_sh(parts: list[str]) -> bool:
 
 def handle_sequence(parts: list[str], session: "AgentSession") -> bool:
     """
-    Handles @sequence command.
+    Handle @sequence command.
 
     Supported input modes:
 
         @sequence -e
         @sequence --edit
-
         @sequence -f <file>
         @sequence --file <file>
 
+    Args:
+        parts: List of command parts.
+        session: The current agent session.
+
     Returns:
-        True if the entire Flow completed successfully.
-        False if input, parsing, validation, or execution failed.
+        True if the entire Flow completed successfully, otherwise False.
     """
     args = parts[1:]
 
     has_edit = any(token in ("-e", "--edit") for token in args)
-
     file_flag_indexes = [
         index for index, token in enumerate(args) if token in ("-f", "--file")
     ]
 
-    # =========================================================
-    # Input mode validation
-    # =========================================================
-
     if has_edit and file_flag_indexes:
-        print("[!] @sequence: -e/--edit and -f/--file cannot be used together.")
-        print("[!] Usage:")
-        print("    @sequence -e")
-        print("    @sequence -f <file>")
+        safe_eprint("[!] @sequence: -e/--edit and -f/--file cannot be used together.")
+        safe_eprint("[!] Usage:")
+        safe_eprint("    @sequence -e")
+        safe_eprint("    @sequence -f <file>")
         return False
 
     flow_content: str | None = None
 
-    # =========================================================
-    # Editor input
-    # =========================================================
-
     if has_edit:
         if len(args) != 1:
-            print("[!] Usage: @sequence -e")
+            safe_eprint("[!] Usage: @sequence -e")
             return False
 
         logger.info("[*] @sequence: Opening editor for Flow input.")
-
         flow_content = open_editor_for_prompt()
 
         if flow_content is None:
             return False
 
-    # =========================================================
-    # File input
-    # =========================================================
-
     elif file_flag_indexes:
         if len(file_flag_indexes) > 1:
-            print("[!] @sequence: -f/--file specified more than once.")
+            safe_eprint("[!] @sequence: -f/--file specified more than once.")
             return False
 
         file_flag_index = file_flag_indexes[0]
 
         if file_flag_index + 1 >= len(args):
-            print("[!] @sequence: -f/--file requires a filename.")
-            print("[!] Usage: @sequence -f <file>")
+            safe_eprint("[!] @sequence: -f/--file requires a filename.")
+            safe_eprint("[!] Usage: @sequence -f <file>")
             return False
 
         if len(args) != 2:
-            print("[!] Usage: @sequence -f <file>")
+            safe_eprint("[!] Usage: @sequence -f <file>")
             return False
 
         filename = args[file_flag_index + 1]
@@ -555,63 +532,38 @@ def handle_sequence(parts: list[str], session: "AgentSession") -> bool:
                 config=config,
             )
 
-            with open(
-                filepath,
-                encoding="utf-8",
-            ) as f:
+            with open(filepath, encoding="utf-8") as f:
                 flow_content = f.read()
 
             logger.info(f"[*] @sequence: Loaded Flow from '{filename}'.")
 
         except Exception as exc:
-            print(f"[!] @sequence: Failed to load sequence file '{filename}': {exc}")
-
+            safe_eprint(
+                f"[!] @sequence: Failed to load sequence file '{filename}': {exc}"
+            )
             logger.error(f"@sequence file load failed for '{filename}': {exc}")
-
             return False
 
-    # =========================================================
-    # No input mode
-    # =========================================================
-
     else:
-        print("[!] Usage:")
-        print("    @sequence -e")
-        print("    @sequence -f <file>")
+        safe_eprint("[!] Usage:")
+        safe_eprint("    @sequence -e")
+        safe_eprint("    @sequence -f <file>")
         return False
 
-    # =========================================================
-    # Parse
-    # =========================================================
-
     try:
         flow_ast = parse_flow(flow_content)
-
     except FlowSyntaxError as exc:
-        print(f"[!] Sequence syntax error: {exc}")
-
+        safe_eprint(f"[!] Sequence syntax error: {exc}")
         logger.error(f"@sequence syntax error: {exc}")
-
         return False
 
-    # =========================================================
-    # Semantic validation
-    # =========================================================
-
     try:
         validate_flow(flow_ast)
-
     except FlowValidationError as exc:
-        print(f"[!] Sequence validation error: {exc}")
-
+        safe_eprint(f"[!] Sequence validation error: {exc}")
         logger.error(f"@sequence validation error: {exc}")
-
         return False
 
-    # =========================================================
-    # Execute
-    # =========================================================
-
     print("[*] Sequence Execution started.")
     print("=" * 50)
 
@@ -625,14 +577,11 @@ def handle_sequence(parts: list[str], session: "AgentSession") -> bool:
     print("=" * 50)
 
     if not success:
-        print("[!] Sequence Execution failed.")
-
+        safe_eprint("[!] Sequence Execution failed.")
         logger.error("@sequence: Flow execution failed.")
-
         return False
 
     print("[✓] Sequence Execution complete.")
-
     logger.info("[*] @sequence: Flow execution completed successfully.")
 
     return True
diff --git a/src/multi_ai_cli/utils.py b/src/multi_ai_cli/utils.py
index 1e78b68..398e09d 100644
--- a/src/multi_ai_cli/utils.py
+++ b/src/multi_ai_cli/utils.py
@@ -11,6 +11,7 @@ import os
 import shlex
 import shutil
 import subprocess
+import sys
 import tempfile
 import threading
 from typing import TYPE_CHECKING, Any
@@ -200,6 +201,12 @@ def safe_print(*args: Any, **kwargs: Any) -> None:
         print(*args, **kwargs)
 
 
+def safe_eprint(*args: Any, **kwargs: Any) -> None:
+    """Thread-safe stderr print using global console lock."""
+    with _console_lock:
+        print(*args, file=sys.stderr, **kwargs)
+
+
 def clear_thinking_line() -> None:
     """Clears the temporary 'thinking...' status line in the terminal."""
     with _console_lock:
diff --git a/src/multi_ai_gui/window.py b/src/multi_ai_gui/window.py
index 1318192..d63b42d 100644
--- a/src/multi_ai_gui/window.py
+++ b/src/multi_ai_gui/window.py
@@ -68,6 +68,7 @@ class MainWindow(QMainWindow):
 
         self.process: QProcess | None = None
         self._stdout_buffer = ""
+        self._stderr_buffer = ""
         self._pause_waiting = False
         self._last_output_had_newline = True
         self._last_result_saved_line: str | None = None
@@ -650,6 +651,12 @@ class MainWindow(QMainWindow):
                 )
             except Exception:
                 pass
+            try:
+                self.process.readyReadStandardError.disconnect(
+                    self._on_ready_read_stderr
+                )
+            except Exception:
+                pass
             try:
                 self.process.finished.disconnect(self._on_process_finished)
             except Exception:
@@ -666,7 +673,7 @@ class MainWindow(QMainWindow):
         self.process = QProcess(self)
         program, arguments, working_dir = get_multi_ai_repl_command()
         self.process.setWorkingDirectory(working_dir)
-        self.process.setProcessChannelMode(QProcess.ProcessChannelMode.MergedChannels)
+        self.process.setProcessChannelMode(QProcess.ProcessChannelMode.SeparateChannels)
 
         env = QProcessEnvironment.systemEnvironment()
         env.remove("VIRTUAL_ENV")
@@ -674,11 +681,13 @@ class MainWindow(QMainWindow):
         self.process.setProcessEnvironment(env)
 
         self.process.readyReadStandardOutput.connect(self._on_ready_read_stdout)
+        self.process.readyReadStandardError.connect(self._on_ready_read_stderr)
         self.process.finished.connect(self._on_process_finished)
         self.process.errorOccurred.connect(self._on_process_error)
         self.process.started.connect(self._on_process_started)
 
         self._stdout_buffer = ""
+        self._stderr_buffer = ""
         self._pause_waiting = False
         self._last_output_had_newline = True
         self._last_result_saved_line = None
@@ -716,32 +725,49 @@ class MainWindow(QMainWindow):
 
         data = self.process.readAllStandardOutput()
         text = bytes(data.data()).decode("utf-8", errors="replace")
+        self._append_process_output(text, is_stderr=False)
+
+    def _on_ready_read_stderr(self) -> None:
+        if not self.process:
+            return
+
+        data = self.process.readAllStandardError()
+        text = bytes(data.data()).decode("utf-8", errors="replace")
+        self._append_process_output(text, is_stderr=True)
+
+    def _append_process_output(self, text: str, *, is_stderr: bool) -> None:
         text = self._normalize_log_text(text)
+        if not text:
+            return
+
+        buffer = self._stderr_buffer if is_stderr else self._stdout_buffer
 
         if (
             text.startswith("[*]")
             and not self._last_output_had_newline
-            and not self._stdout_buffer.endswith("\n")
+            and not buffer.endswith("\n")
         ):
-            self._stdout_buffer += "\n"
+            buffer += "\n"
 
-        self._stdout_buffer += text
+        buffer += text
         self._last_output_had_newline = text.endswith("\n")
 
-        if PAUSE_PROMPT in self._stdout_buffer:
-            self._stdout_buffer = self._stdout_buffer.replace(PAUSE_PROMPT, "")
+        if PAUSE_PROMPT in buffer:
+            buffer = buffer.replace(PAUSE_PROMPT, "")
             if not self._pause_waiting:
                 self._set_pause_waiting(True)
 
-        if RESULT_SAVED_MARKER in self._stdout_buffer and not self._pause_waiting:
-            self._notify_result_saved(self._stdout_buffer)
+        if RESULT_SAVED_MARKER in buffer and not self._pause_waiting:
+            self._notify_result_saved(buffer)
 
-        while "\n" in self._stdout_buffer:
-            line, self._stdout_buffer = self._stdout_buffer.split("\n", 1)
-            if line.strip():
-                self.log_view.appendPlainText(line)
-            else:
-                self.log_view.appendPlainText("")
+        while "\n" in buffer:
+            line, buffer = buffer.split("\n", 1)
+            self.log_view.appendPlainText(line)
+
+        if is_stderr:
+            self._stderr_buffer = buffer
+        else:
+            self._stdout_buffer = buffer
 
         scrollbar = self.log_view.verticalScrollBar()
         if scrollbar:
@@ -785,6 +811,9 @@ class MainWindow(QMainWindow):
         if self._stdout_buffer:
             self.log_view.appendPlainText(self._stdout_buffer.rstrip("\r"))
             self._stdout_buffer = ""
+        if self._stderr_buffer:
+            self.log_view.appendPlainText(self._stderr_buffer.rstrip("\r"))
+            self._stderr_buffer = ""
 
         self._pause_waiting = False
         self.btn_continue.setEnabled(False)
@@ -892,9 +921,53 @@ class MainWindow(QMainWindow):
         self.log_view.appendPlainText("")
         self.process.write((command + "\n").encode("utf-8"))
 
+    def _prepare_repl_command(self, text: str) -> str:
+        """
+        Convert multi-line GUI input into CLI REPL continuation form.
+
+        The CLI REPL accepts multi-line input only when intermediate lines
+        end with a trailing backslash. This method automatically inserts
+        continuation backslashes for multi-line input so users can type
+        naturally in the GUI editor.
+
+        If a non-final line already ends with a backslash, it is preserved
+        as-is and no extra backslash is appended.
+        """
+        normalized = text.replace("\r\n", "\n").replace("\r", "\n")
+
+        if "\n" not in normalized:
+            return normalized.strip()
+
+        lines = normalized.split("\n")
+
+        while lines and not lines[0].strip():
+            lines.pop(0)
+        while lines and not lines[-1].strip():
+            lines.pop()
+
+        if not lines:
+            return ""
+
+        prepared: list[str] = []
+        last_index = len(lines) - 1
+
+        for idx, line in enumerate(lines):
+            stripped_line = line.rstrip()
+
+            if idx < last_index:
+                if stripped_line.endswith("\\"):
+                    prepared.append(stripped_line)
+                else:
+                    prepared.append(stripped_line + "\\")
+            else:
+                prepared.append(stripped_line)
+
+        return "\n".join(prepared)
+
     def _on_send(self) -> None:
-        flow_data = self.flow_edit.toPlainText().strip()
-        if not flow_data:
+        raw_text = self.flow_edit.toPlainText()
+        flow_data = self._prepare_repl_command(raw_text)
+        if not flow_data.strip():
             QMessageBox.warning(self, "Empty Input", "FLOW DEFINITION is empty.")
             return
         self._send_command_to_repl(flow_data)
diff --git a/src/portable_agent_chat/chat.py b/src/portable_agent_chat/chat.py
index dfdd1ff..da695a3 100644
--- a/src/portable_agent_chat/chat.py
+++ b/src/portable_agent_chat/chat.py
@@ -8,6 +8,7 @@ from portable_agent_chat.files import (
     ensure_new_file,
     read_file,
     resolve_read_paths,
+    write_file,
     write_new_file,
 )
 
@@ -27,14 +28,7 @@ class ChatSession:
     """Manage a single interactive chat session with one agent."""
 
     def __init__(self, agent_key: str) -> None:
-        """Initialize a chat session for the given agent.
-
-        Args:
-            agent_key: Registered agent name to use.
-
-        Raises:
-            ValueError: If the agent name is unknown.
-        """
+        """Initialize a chat session for the given agent."""
         self.agent_key = agent_key
 
         self.agent_session = create_agent_session()
@@ -46,33 +40,17 @@ class ChatSession:
 
         self.last_response: str | None = None
         self.pending_output: str | None = None
+        self.pending_output_overwrite: bool = False
         self.pending_reads: list[str] = []
 
     def add_pending_read(self, pattern: str) -> list[str]:
-        """Queue one or more files to be included in the next prompt.
-
-        The path may contain glob patterns such as ``*.py`` or ``**/*.py``.
-        Matching files are validated immediately when the command is issued.
-        Files already queued for the next prompt are not added again.
-
-        Args:
-            pattern: File path or glob pattern to include in the next request.
-
-        Returns:
-            The list of newly queued file paths.
-
-        Raises:
-            FileNotFoundError: If no files match the path or pattern.
-            OSError: If a matched file cannot be read.
-        """
+        """Queue one or more files to be included in the next prompt."""
         paths = resolve_read_paths(pattern)
 
         queued: list[str] = []
 
         for path in paths:
             path_str = str(path)
-
-            # Validate readability now rather than waiting until send().
             read_file(path_str)
 
             if path_str in self.pending_reads:
@@ -84,19 +62,7 @@ class ChatSession:
         return queued
 
     def send(self, prompt: str) -> str:
-        """Send a prompt to the current agent and return the response.
-
-        Any queued file reads are embedded into the effective prompt before
-        sending. Queued reads are always cleared after the request attempt.
-        Any queued output path is consumed after the response is generated,
-        even if writing the file fails.
-
-        Args:
-            prompt: User prompt text.
-
-        Returns:
-            The assistant response text.
-        """
+        """Send a prompt to the current agent and return the response."""
         effective_prompt = prompt
 
         if self.pending_reads:
@@ -104,7 +70,6 @@ class ChatSession:
 
             for path in self.pending_reads:
                 content = read_file(path)
-
                 contexts.append(
                     f"--- file: {path} ---\n{content}\n--- end file: {path} ---"
                 )
@@ -114,44 +79,40 @@ class ChatSession:
         try:
             response = self.engine.call(effective_prompt)
         finally:
-            # Clear queued reads even if the model call fails.
             self.pending_reads = []
 
         self.last_response = response
 
         if self.pending_output is not None:
             output_path = self.pending_output
-            self.pending_output = None
-            write_new_file(output_path, response)
-
-        return response
+            overwrite = self.pending_output_overwrite
 
-    def write_last_response(self, path: str) -> int:
-        """Write the most recent assistant response to a new file.
+            self.pending_output = None
+            self.pending_output_overwrite = False
 
-        Args:
-            path: Destination file path.
+            if overwrite:
+                write_file(output_path, response)
+            else:
+                write_new_file(output_path, response)
 
-        Returns:
-            The number of bytes written.
+        return response
 
-        Raises:
-            ValueError: If no assistant response is available yet.
-            FileExistsError: If the destination file already exists.
-        """
+    def write_last_response(self, path: str, overwrite: bool = False) -> int:
+        """Write the most recent assistant response to a file."""
         if self.last_response is None:
-            raise ValueError("no assistant response to write")
+            raise ValueError(
+                "no assistant response to write; send a prompt first, or use :o / :O to save the next response"
+            )
 
-        return write_new_file(path, self.last_response)
+        if overwrite:
+            return write_file(path, self.last_response)
 
-    def set_pending_output(self, path: str) -> None:
-        """Reserve a file path for writing the next assistant response.
+        return write_new_file(path, self.last_response)
 
-        Args:
-            path: Destination file path for the next response.
+    def set_pending_output(self, path: str, overwrite: bool = False) -> None:
+        """Reserve a file path for writing the next assistant response."""
+        if not overwrite:
+            ensure_new_file(path)
 
-        Raises:
-            FileExistsError: If the destination path already exists.
-        """
-        ensure_new_file(path)
         self.pending_output = path
+        self.pending_output_overwrite = overwrite
diff --git a/src/portable_agent_chat/commands.py b/src/portable_agent_chat/commands.py
index f82abb5..21c060f 100644
--- a/src/portable_agent_chat/commands.py
+++ b/src/portable_agent_chat/commands.py
@@ -8,7 +8,9 @@ class CommandType(Enum):
     """Supported colon-prefixed command types."""
 
     WRITE = "w"
+    WRITE_FORCE = "W"
     OUTPUT = "o"
+    OUTPUT_FORCE = "O"
     READ = "r"
 
 
@@ -21,23 +23,7 @@ class Command:
 
 
 def parse_command(text: str) -> Command | None:
-    """Parse a colon-prefixed command string.
-
-    Supported commands are:
-
-    - ``:w <path>`` to write the last response
-    - ``:o <path>`` to write the next response
-    - ``:r <path>`` to include a file in the next prompt
-
-    Args:
-        text: Raw user input.
-
-    Returns:
-        A parsed command if the input is a supported command, otherwise ``None``.
-
-    Raises:
-        ValueError: If a command prefix is present but the path is missing.
-    """
+    """Parse a colon-prefixed command string."""
     text = text.strip()
 
     if not text.startswith(":"):
@@ -57,8 +43,12 @@ def parse_command(text: str) -> Command | None:
     match command:
         case ":w":
             return Command(CommandType.WRITE, path)
+        case ":W":
+            return Command(CommandType.WRITE_FORCE, path)
         case ":o":
             return Command(CommandType.OUTPUT, path)
+        case ":O":
+            return Command(CommandType.OUTPUT_FORCE, path)
         case ":r":
             return Command(CommandType.READ, path)
         case _:
diff --git a/src/portable_agent_chat/files.py b/src/portable_agent_chat/files.py
index 28cd132..a4a9822 100644
--- a/src/portable_agent_chat/files.py
+++ b/src/portable_agent_chat/files.py
@@ -5,18 +5,7 @@ from pathlib import Path
 
 
 def read_file(path: str) -> str:
-    """Read and return the UTF-8 text content of a file.
-
-    Args:
-        path: Path to the file to read.
-
-    Returns:
-        The file content as a string.
-
-    Raises:
-        FileNotFoundError: If the path does not exist.
-        ValueError: If the path is not a regular file.
-    """
+    """Read and return the UTF-8 text content of a file."""
     target = Path(path)
 
     if not target.exists():
@@ -29,17 +18,7 @@ def read_file(path: str) -> str:
 
 
 def resolve_read_paths(pattern: str) -> list[Path]:
-    """Resolve a file path or glob pattern into matching regular files.
-
-    Args:
-        pattern: File path or glob pattern to resolve.
-
-    Returns:
-        Sorted matching file paths.
-
-    Raises:
-        FileNotFoundError: If no regular files match the pattern.
-    """
+    """Resolve a file path or glob pattern into matching regular files."""
     paths = [
         Path(p) for p in sorted(glob(pattern, recursive=True)) if Path(p).is_file()
     ]
@@ -51,24 +30,26 @@ def resolve_read_paths(pattern: str) -> list[Path]:
 
 
 def write_new_file(path: str, content: str) -> int:
-    """Write UTF-8 text to a new file and return the byte length.
+    """Write UTF-8 text to a new file and return the byte length."""
+    target = Path(path)
+
+    if target.exists():
+        raise FileExistsError(f"file already exists: {path}")
 
-    The file must not already exist.
+    target.parent.mkdir(parents=True, exist_ok=True)
 
-    Args:
-        path: Destination file path.
-        content: Text content to write.
+    data = content.encode("utf-8")
+    target.write_bytes(data)
+
+    return len(data)
 
-    Returns:
-        The number of bytes written.
 
-    Raises:
-        FileExistsError: If the destination file already exists.
-    """
+def write_file(path: str, content: str) -> int:
+    """Write UTF-8 text to a file and return the byte length."""
     target = Path(path)
 
-    if target.exists():
-        raise FileExistsError(f"file already exists: {path}")
+    if target.exists() and not target.is_file():
+        raise ValueError(f"not a file: {path}")
 
     target.parent.mkdir(parents=True, exist_ok=True)
 
@@ -79,14 +60,7 @@ def write_new_file(path: str, content: str) -> int:
 
 
 def ensure_new_file(path: str) -> None:
-    """Ensure that a file path does not already exist.
-
-    Args:
-        path: Path to validate.
-
-    Raises:
-        FileExistsError: If the path already exists.
-    """
+    """Ensure that a file path does not already exist."""
     target = Path(path)
 
     if target.exists():
diff --git a/src/portable_agent_chat/main.py b/src/portable_agent_chat/main.py
index 86c2615..52b9f82 100644
--- a/src/portable_agent_chat/main.py
+++ b/src/portable_agent_chat/main.py
@@ -20,7 +20,7 @@ from portable_agent_chat.commands import CommandType, parse_command
 
 
 class ChatCompleter(Completer):
-    """Complete colon commands and file paths after :r, :w, and :o."""
+    """Complete colon commands and file paths after :r, :w, :W, :o, and :O."""
 
     def __init__(self) -> None:
         """Initialize the command and path completer."""
@@ -35,12 +35,12 @@ class ChatCompleter(Completer):
         line = document.text_before_cursor.split("\n")[-1]
 
         if line.startswith(":") and " " not in line:
-            for cmd in (":r ", ":w ", ":o "):
+            for cmd in (":r ", ":w ", ":W ", ":o ", ":O "):
                 if cmd.startswith(line):
                     yield Completion(cmd[len(line) :], display=cmd.strip())
             return
 
-        for prefix in (":r ", ":w ", ":o "):
+        for prefix in (":r ", ":w ", ":W ", ":o ", ":O "):
             if line.startswith(prefix):
                 rest = line[len(prefix) :]
                 yield from self.paths.get_completions(
@@ -80,7 +80,6 @@ def main() -> None:
 
     args = parser.parse_args()
 
-    # Load multi-ai configuration and register agent definitions.
     startup()
 
     try:
@@ -102,10 +101,8 @@ def main() -> None:
     while True:
         try:
             prompt = prompt_session.prompt("% ")
-
         except KeyboardInterrupt:
             continue
-
         except EOFError:
             print("bye")
             break
@@ -122,11 +119,18 @@ def main() -> None:
         if command is not None:
             if command.type is CommandType.WRITE:
                 try:
-                    size = chat.write_last_response(command.path)
+                    size = chat.write_last_response(command.path, overwrite=False)
                     print(f"wrote {command.path} ({size} bytes)")
                 except (ValueError, FileExistsError) as exc:
                     print(f"error: {exc}")
 
+            elif command.type is CommandType.WRITE_FORCE:
+                try:
+                    size = chat.write_last_response(command.path, overwrite=True)
+                    print(f"wrote {command.path} ({size} bytes)")
+                except ValueError as exc:
+                    print(f"error: {exc}")
+
             elif command.type is CommandType.READ:
                 try:
                     paths = chat.add_pending_read(command.path)
@@ -141,11 +145,18 @@ def main() -> None:
 
             elif command.type is CommandType.OUTPUT:
                 try:
-                    chat.set_pending_output(command.path)
+                    chat.set_pending_output(command.path, overwrite=False)
                     print(f"queued output {command.path}")
                 except FileExistsError as exc:
                     print(f"error: {exc}")
 
+            elif command.type is CommandType.OUTPUT_FORCE:
+                try:
+                    chat.set_pending_output(command.path, overwrite=True)
+                    print(f"queued output {command.path} (overwrite)")
+                except ValueError as exc:
+                    print(f"error: {exc}")
+
             continue
 
         try:
@@ -170,7 +181,3 @@ def main() -> None:
         if output_path is not None:
             size = len(response.encode("utf-8"))
             print(f"wrote {output_path} ({size} bytes)")
-
-
-if __name__ == "__main__":
-    main()
diff --git a/tests/unit/multi_ai_cli/test_handlers.py b/tests/unit/multi_ai_cli/test_handlers.py
index 47a2077..bd7ffbd 100644
--- a/tests/unit/multi_ai_cli/test_handlers.py
+++ b/tests/unit/multi_ai_cli/test_handlers.py
@@ -55,7 +55,7 @@ class TestDispatchCommand:
         result = dispatch_command(["@unknown"], self.session)
         assert result is False
         captured = capsys.readouterr()
-        assert "Unknown command" in captured.out
+        assert "Unknown command" in captured.err
 
     def test_scrub_command(self):
         with patch("multi_ai_cli.handlers.handle_scrub") as mock_scrub:
diff --git a/tests/unit/portable_agent_chat/test_main.py b/tests/unit/portable_agent_chat/test_main.py
index 5067b05..04d0492 100644
--- a/tests/unit/portable_agent_chat/test_main.py
+++ b/tests/unit/portable_agent_chat/test_main.py
@@ -44,7 +44,7 @@ def test_main_loop(
     mock_chat_class.assert_called_once_with("mock_agent")
 
     # Verify the command was handled.
-    mock_chat.write_last_response.assert_called_once_with("result.txt")
+    mock_chat.write_last_response.assert_called_once_with("result.txt", overwrite=False)
 
     # Verify the prompt was sent.
     mock_chat.send.assert_called_once_with("hello")
